// Jest Snapshot v1, https://goo.gl/fbAQLP

exports[`<Footer/> Footer Snapshot 1`] = `
<footer
  className="Footer"
>
  <p>
    Made for Guiselle Mej√≠a 2020
  </p>
</footer>
`;
